Archive member included to satisfy reference by file (symbol)

c:/program files (x86)/atmel/studio/7.0/toolchain/arm/arm-gnu-toolchain/bin/../lib/gcc/arm-none-eabi/6.3.1/../../../../arm-none-eabi/lib/thumb/v7-m\libc.a(lib_a-exit.o)
                              c:/program files (x86)/atmel/studio/7.0/toolchain/arm/arm-gnu-toolchain/bin/../lib/gcc/arm-none-eabi/6.3.1/../../../../arm-none-eabi/lib/thumb/v7-m/crt0.o (exit)
c:/program files (x86)/atmel/studio/7.0/toolchain/arm/arm-gnu-toolchain/bin/../lib/gcc/arm-none-eabi/6.3.1/../../../../arm-none-eabi/lib/thumb/v7-m\libc.a(lib_a-impure.o)
                              c:/program files (x86)/atmel/studio/7.0/toolchain/arm/arm-gnu-toolchain/bin/../lib/gcc/arm-none-eabi/6.3.1/../../../../arm-none-eabi/lib/thumb/v7-m\libc.a(lib_a-exit.o) (_global_impure_ptr)
c:/program files (x86)/atmel/studio/7.0/toolchain/arm/arm-gnu-toolchain/bin/../lib/gcc/arm-none-eabi/6.3.1/../../../../arm-none-eabi/lib/thumb/v7-m\libc.a(lib_a-init.o)
                              c:/program files (x86)/atmel/studio/7.0/toolchain/arm/arm-gnu-toolchain/bin/../lib/gcc/arm-none-eabi/6.3.1/../../../../arm-none-eabi/lib/thumb/v7-m/crt0.o (__libc_init_array)
c:/program files (x86)/atmel/studio/7.0/toolchain/arm/arm-gnu-toolchain/bin/../lib/gcc/arm-none-eabi/6.3.1/../../../../arm-none-eabi/lib/thumb/v7-m\libc.a(lib_a-memset.o)
                              c:/program files (x86)/atmel/studio/7.0/toolchain/arm/arm-gnu-toolchain/bin/../lib/gcc/arm-none-eabi/6.3.1/../../../../arm-none-eabi/lib/thumb/v7-m/crt0.o (memset)
c:/program files (x86)/atmel/studio/7.0/toolchain/arm/arm-gnu-toolchain/bin/../lib/gcc/arm-none-eabi/6.3.1/../../../../arm-none-eabi/lib/thumb/v7-m\libc.a(lib_a-__call_atexit.o)
                              c:/program files (x86)/atmel/studio/7.0/toolchain/arm/arm-gnu-toolchain/bin/../lib/gcc/arm-none-eabi/6.3.1/../../../../arm-none-eabi/lib/thumb/v7-m\libc.a(lib_a-exit.o) (__call_exitprocs)
c:/program files (x86)/atmel/studio/7.0/toolchain/arm/arm-gnu-toolchain/bin/../lib/gcc/arm-none-eabi/6.3.1/../../../../arm-none-eabi/lib/thumb/v7-m\libc.a(lib_a-atexit.o)
                              c:/program files (x86)/atmel/studio/7.0/toolchain/arm/arm-gnu-toolchain/bin/../lib/gcc/arm-none-eabi/6.3.1/../../../../arm-none-eabi/lib/thumb/v7-m\libc.a(lib_a-__call_atexit.o) (atexit)
c:/program files (x86)/atmel/studio/7.0/toolchain/arm/arm-gnu-toolchain/bin/../lib/gcc/arm-none-eabi/6.3.1/../../../../arm-none-eabi/lib/thumb/v7-m\libc.a(lib_a-fini.o)
                              c:/program files (x86)/atmel/studio/7.0/toolchain/arm/arm-gnu-toolchain/bin/../lib/gcc/arm-none-eabi/6.3.1/../../../../arm-none-eabi/lib/thumb/v7-m\libc.a(lib_a-__call_atexit.o) (__libc_fini_array)
c:/program files (x86)/atmel/studio/7.0/toolchain/arm/arm-gnu-toolchain/bin/../lib/gcc/arm-none-eabi/6.3.1/../../../../arm-none-eabi/lib/thumb/v7-m\libc.a(lib_a-lock.o)
                              c:/program files (x86)/atmel/studio/7.0/toolchain/arm/arm-gnu-toolchain/bin/../lib/gcc/arm-none-eabi/6.3.1/../../../../arm-none-eabi/lib/thumb/v7-m\libc.a(lib_a-__call_atexit.o) (__retarget_lock_acquire_recursive)
c:/program files (x86)/atmel/studio/7.0/toolchain/arm/arm-gnu-toolchain/bin/../lib/gcc/arm-none-eabi/6.3.1/../../../../arm-none-eabi/lib/thumb/v7-m\libc.a(lib_a-__atexit.o)
                              c:/program files (x86)/atmel/studio/7.0/toolchain/arm/arm-gnu-toolchain/bin/../lib/gcc/arm-none-eabi/6.3.1/../../../../arm-none-eabi/lib/thumb/v7-m\libc.a(lib_a-atexit.o) (__register_exitproc)

Allocating common symbols
Common symbol       size              file

__lock___atexit_recursive_mutex
                    0x1               c:/program files (x86)/atmel/studio/7.0/toolchain/arm/arm-gnu-toolchain/bin/../lib/gcc/arm-none-eabi/6.3.1/../../../../arm-none-eabi/lib/thumb/v7-m\libc.a(lib_a-lock.o)
__lock___arc4random_mutex
                    0x1               c:/program files (x86)/atmel/studio/7.0/toolchain/arm/arm-gnu-toolchain/bin/../lib/gcc/arm-none-eabi/6.3.1/../../../../arm-none-eabi/lib/thumb/v7-m\libc.a(lib_a-lock.o)
__lock___env_recursive_mutex
                    0x1               c:/program files (x86)/atmel/studio/7.0/toolchain/arm/arm-gnu-toolchain/bin/../lib/gcc/arm-none-eabi/6.3.1/../../../../arm-none-eabi/lib/thumb/v7-m\libc.a(lib_a-lock.o)
__lock___sinit_recursive_mutex
                    0x1               c:/program files (x86)/atmel/studio/7.0/toolchain/arm/arm-gnu-toolchain/bin/../lib/gcc/arm-none-eabi/6.3.1/../../../../arm-none-eabi/lib/thumb/v7-m\libc.a(lib_a-lock.o)
__lock___malloc_recursive_mutex
                    0x1               c:/program files (x86)/atmel/studio/7.0/toolchain/arm/arm-gnu-toolchain/bin/../lib/gcc/arm-none-eabi/6.3.1/../../../../arm-none-eabi/lib/thumb/v7-m\libc.a(lib_a-lock.o)
rx_buffer           0x42              UART/uart.o
__lock___at_quick_exit_mutex
[...]
Memory Configuration

Name             Origin             Length             Attributes
rom              0x00080000         0x00080000         xr
ram              0x20000000         0x00018000         xrw
*default*        0x00000000         0xffffffff

Linker script and memory map

LOAD c:/program files (x86)/atmel/studio/7.0/toolchain/arm/arm-gnu-toolchain/bin/../lib/gcc/arm-none-eabi/6.3.1/thumb/v7-m/crti.o
LOAD c:/program files (x86)/atmel/studio/7.0/toolchain/arm/arm-gnu-toolchain/bin/../lib/gcc/arm-none-eabi/6.3.1/thumb/v7-m/crtbegin.o
LOAD c:/program files (x86)/atmel/studio/7.0/toolchain/arm/arm-gnu-toolchain/bin/../lib/gcc/arm-none-eabi/6.3.1/../../../../arm-none-eabi/lib/thumb/v7-m/crt0.o
LOAD ADC/ADCdrv2.o
LOAD CAN/can_controller.o
LOAD CAN/can_interrupt.o
LOAD Device_Startup/startup_sam3xa.o
LOAD Device_Startup/system_sam3xa.o
LOAD main.o
LOAD PWM/PWMdrvperiph.o
LOAD SOLENOID/SOLENOIDdrv.o
LOAD UART/printf-stdarg.o
LOAD UART/uart.o
START GROUP
LOAD c:/program files (x86)/atmel/studio/7.0/toolchain/arm/arm-gnu-toolchain/bin/../lib/gcc/arm-none-eabi/6.3.1/../../../../arm-none-eabi/lib/thumb/v7-m\libm.a
END GROUP
START GROUP
LOAD c:/program files (x86)/atmel/studio/7.0/toolchain/arm/arm-gnu-toolchain/bin/../lib/gcc/arm-none-eabi/6.3.1/thumb/v7-m\libgcc.a
LOAD c:/program files (x86)/atmel/studio/7.0/toolchain/arm/arm-gnu-toolchain/bin/../lib/gcc/arm-none-eabi/6.3.1/../../../../arm-none-eabi/lib/thumb/v7-m\libc.a
END GROUP
LOAD c:/program files (x86)/atmel/studio/7.0/toolchain/arm/arm-gnu-toolchain/bin/../lib/gcc/arm-none-eabi/6.3.1/thumb/v7-m/crtend.o
LOAD c:/program files (x86)/atmel/studio/7.0/toolchain/arm/arm-gnu-toolchain/bin/../lib/gcc/arm-none-eabi/6.3.1/thumb/v7-m/crtn.o
                0x00000400                STACK_SIZE = DEFINED (STACK_SIZE)?STACK_SIZE:0x400
                0x00000200                HEAP_SIZE = DEFINED (HEAP_SIZE)?HEAP_SIZE:0x200

.text           0x00080000      0xb30
                0x00080000                . = ALIGN (0x4)
                0x00080000                _sfixed = .
 *(.vectors .vectors.*)
 .vectors       0x00080000       0xf4 Device_Startup/startup_sam3xa.o
                0x00080000                exception_table
 *(.text .text.* .gnu.linkonce.t.*)
 .text          0x000800f4       0x6c c:/program files (x86)/atmel/studio/7.0/toolchain/arm/arm-gnu-toolchain/bin/../lib/gcc/arm-none-eabi/6.3.1/thumb/v7-m/crtbegin.o
 .text.can_init
                0x00080160       0xe4 CAN/can_controller.o
                0x00080160                can_init
 .text.can_init_def_tx_rx_mb
                0x00080244       0x10 CAN/can_controller.o
                0x00080244                can_init_def_tx_rx_mb
 .text.can_receive
                0x00080254       0x84 CAN/can_controller.o
                0x00080254                can_receive
 .text.CAN0_Handler
                0x000802d8       0x8c CAN/can_interrupt.o
                0x000802d8                CAN0_Handler
 .text.Dummy_Handler
                0x00080364        0x2 Device_Startup/startup_sam3xa.o
                0x00080364                DACC_Handler
                0x00080364                DebugMon_Handler
                0x00080364                DMAC_Handler
                0x00080364                TRNG_Handler
                0x00080364                HardFault_Handler
                0x00080364                TC2_Handler
                0x00080364                SysTick_Handler
                0x00080364                USART3_Handler
                0x00080364                TWI1_Handler
                0x00080364                PendSV_Handler
                0x00080364                NMI_Handler
                0x00080364                TC7_Handler
                0x00080364                ADC_Handler
                0x00080364                SMC_Handler
                0x00080364                USART0_Handler
                0x00080364                RTT_Handler
                0x00080364                EFC1_Handler
                0x00080364                PIOB_Handler
                0x00080364                RTC_Handler
                0x00080364                UsageFault_Handler
                0x00080364                TC6_Handler
                0x00080364                WDT_Handler
                0x00080364                TC4_Handler
                0x00080364                TC1_Handler
                0x00080364                HSMCI_Handler
                0x00080364                TC3_Handler
                0x00080364                Dummy_Handler
                0x00080364                TWI0_Handler
                0x00080364                USART1_Handler
                0x00080364                PIOA_Handler
                0x00080364                SSC_Handler
                0x00080364                EFC0_Handler
                0x00080364                PMC_Handler
                0x00080364                PWM_Handler
                0x00080364                CAN1_Handler
                0x00080364                MemManage_Handler
                0x00080364                SUPC_Handler
                0x00080364                SVC_Handler
                0x00080364                TC8_Handler
                0x00080364                USART2_Handler
                0x00080364                PIOD_Handler
                0x00080364                EMAC_Handler
                0x00080364                PIOC_Handler
                0x00080364                BusFault_Handler
                0x00080364                RSTC_Handler
                0x00080364                TC0_Handler
                0x00080364                TC5_Handler
                0x00080364                UOTGHS_Handler
                0x00080364                SPI0_Handler
 *fill*         0x00080366        0x2 
 .text.Reset_Handler
                0x00080368       0x6c Device_Startup/startup_sam3xa.o
                0x00080368                Reset_Handler
 .text.SystemInit
                0x000803d4       0xa4 Device_Startup/system_sam3xa.o
                0x000803d4                SystemInit
 .text.main     0x00080478       0x6c main.o
                0x00080478                main
 .text.PWM_init
                0x000804e4       0x64 PWM/PWMdrvperiph.o
                0x000804e4                PWM_init
 .text.PWM_set_period_percentage
                0x00080548       0x40 PWM/PWMdrvperiph.o
                0x00080548                PWM_set_period_percentage
 .text.solenoid_init
                0x00080588       0x14 SOLENOID/SOLENOIDdrv.o
                0x00080588                solenoid_init
 .text.printchar
                0x0008059c       0x10 UART/printf-stdarg.o
 .text.prints   0x000805ac       0x84 UART/printf-stdarg.o
 .text.printi   0x00080630       0xac UART/printf-stdarg.o
 .text.print    0x000806dc      0x150 UART/printf-stdarg.o
 .text.printf   0x0008082c       0x24 UART/printf-stdarg.o
                0x0008082c                printf
 .text.configure_uart
                0x00080850       0x68 UART/uart.o
                0x00080850                configure_uart
 .text.uart_putchar
                0x000808b8       0x24 UART/uart.o
                0x000808b8                uart_putchar
 .text.UART_Handler
                0x000808dc       0x68 UART/uart.o
                0x000808dc                UART_Handler
 .text.__libc_init_array
                0x00080944       0x50 c:/program files (x86)/atmel/studio/7.0/toolchain/arm/arm-gnu-toolchain/bin/../lib/gcc/arm-none-eabi/6.3.1/../../../../arm-none-eabi/lib/thumb/v7-m\libc.a(lib_a-init.o)
                0x00080944                __libc_init_array
 .text.startup.register_fini
                0x00080994       0x14 c:/program files (x86)/atmel/studio/7.0/toolchain/arm/arm-gnu-toolchain/bin/../lib/gcc/arm-none-eabi/6.3.1/../../../../arm-none-eabi/lib/thumb/v7-m\libc.a(lib_a-__call_atexit.o)
 .text.atexit   0x000809a8        0xc c:/program files (x86)/atmel/studio/7.0/toolchain/arm/arm-gnu-toolchain/bin/../lib/gcc/arm-none-eabi/6.3.1/../../../../arm-none-eabi/lib/thumb/v7-m\libc.a(lib_a-atexit.o)
                0x000809a8                atexit
 .text.__libc_fini_array
                0x000809b4       0x34 c:/program files (x86)/atmel/studio/7.0/toolchain/arm/arm-gnu-toolchain/bin/../lib/gcc/arm-none-eabi/6.3.1/../../../../arm-none-eabi/lib/thumb/v7-m\libc.a(lib_a-fini.o)
                0x000809b4                __libc_fini_array
 .text.__retarget_lock_acquire_recursive
                0x000809e8        0x4 c:/program files (x86)/atmel/studio/7.0/toolchain/arm/arm-gnu-toolchain/bin/../lib/gcc/arm-none-eabi/6.3.1/../../../../arm-none-eabi/lib/thumb/v7-m\libc.a(lib_a-lock.o)
                0x000809e8                __retarget_lock_acquire_recursive
 .text.__retarget_lock_release_recursive
                0x000809ec        0x4 c:/program files (x86)/atmel/studio/7.0/toolchain/arm/arm-gnu-toolchain/bin/../lib/gcc/arm-none-eabi/6.3.1/../../../../arm-none-eabi/lib/thumb/v7-m\libc.a(lib_a-lock.o)
                0x000809ec                __retarget_lock_release_recursive
 .text.__register_exitproc
                0x000809f0       0xc4 c:/program files (x86)/atmel/studio/7.0/toolchain/arm/arm-gnu-toolchain/bin/../lib/gcc/arm-none-eabi/6.3.1/../../../../arm-none-eabi/lib/thumb/v7-m\libc.a(lib_a-__atexit.o)
                0x000809f0                __register_exitproc
 *(.glue_7t)
 .glue_7t       0x00080ab4        0x0 linker stubs
 *(.glue_7)
 .glue_7        0x00080ab4        0x0 linker stubs
 *(.rodata .rodata* .gnu.linkonce.r.*)
 .rodata.str1.4
                0x00080ab4       0x2b CAN/can_interrupt.o
 *fill*         0x00080adf        0x1 
 .rodata.str1.4
                0x00080ae0        0x7 UART/printf-stdarg.o
 *fill*         0x00080ae7        0x1 
 .rodata.str1.4
                0x00080ae8       0x20 UART/uart.o
                                 0x1e (size before relaxing)
 .rodata._global_impure_ptr
                0x00080b08        0x4 c:/program files (x86)/atmel/studio/7.0/toolchain/arm/arm-gnu-toolchain/bin/../lib/gcc/arm-none-eabi/6.3.1/../../../../arm-none-eabi/lib/thumb/v7-m\libc.a(lib_a-impure.o)
                0x00080b08                _global_impure_ptr
 *(.ARM.extab* .gnu.linkonce.armextab.*)
                0x00080b0c                . = ALIGN (0x4)
 *(.init)
 .init          0x00080b0c        0x4 c:/program files (x86)/atmel/studio/7.0/toolchain/arm/arm-gnu-toolchain/bin/../lib/gcc/arm-none-eabi/6.3.1/thumb/v7-m/crti.o
                0x00080b0c                _init
 .init          0x00080b10        0x8 c:/program files (x86)/atmel/studio/7.0/toolchain/arm/arm-gnu-toolchain/bin/../lib/gcc/arm-none-eabi/6.3.1/thumb/v7-m/crtn.o
                0x00080b18                . = ALIGN (0x4)
                0x00080b18                __preinit_array_start = .
 *(.preinit_array)
                0x00080b18                __preinit_array_end = .
                0x00080b18                . = ALIGN (0x4)
                0x00080b18                __init_array_start = .
 *(SORT(.init_array.*))
 .init_array.00000
                0x00080b18        0x4 c:/program files (x86)/atmel/studio/7.0/toolchain/arm/arm-gnu-toolchain/bin/../lib/gcc/arm-none-eabi/6.3.1/../../../../arm-none-eabi/lib/thumb/v7-m\libc.a(lib_a-__call_atexit.o)
 *(.init_array)
 .init_array    0x00080b1c        0x4 c:/program files (x86)/atmel/studio/7.0/toolchain/arm/arm-gnu-toolchain/bin/../lib/gcc/arm-none-eabi/6.3.1/thumb/v7-m/crtbegin.o
                0x00080b20                __init_array_end = .
                0x00080b20                . = ALIGN (0x4)
 *crtbegin.o(.ctors)
 *(EXCLUDE_FILE(*crtend.o) .ctors)
 *(SORT(.ctors.*))
 *crtend.o(.ctors)
                0x00080b20                . = ALIGN (0x4)
 *(.fini)
 .fini          0x00080b20        0x4 c:/program files (x86)/atmel/studio/7.0/toolchain/arm/arm-gnu-toolchain/bin/../lib/gcc/arm-none-eabi/6.3.1/thumb/v7-m/crti.o
                0x00080b20                _fini
 .fini          0x00080b24        0x8 c:/program files (x86)/atmel/studio/7.0/toolchain/arm/arm-gnu-toolchain/bin/../lib/gcc/arm-none-eabi/6.3.1/thumb/v7-m/crtn.o
                0x00080b2c                . = ALIGN (0x4)
                0x00080b2c                __fini_array_start = .
 *(.fini_array)
 .fini_array    0x00080b2c        0x4 c:/program files (x86)/atmel/studio/7.0/toolchain/arm/arm-gnu-toolchain/bin/../lib/gcc/arm-none-eabi/6.3.1/thumb/v7-m/crtbegin.o
 *(SORT(.fini_array.*))
                0x00080b30                __fini_array_end = .
 *crtbegin.o(.dtors)
 *(EXCLUDE_FILE(*crtend.o) .dtors)
 *(SORT(.dtors.*))
 *crtend.o(.dtors)
                0x00080b30                . = ALIGN (0x4)
                0x00080b30                _efixed = .
                [!provide]                PROVIDE (__exidx_start, .)

.vfp11_veneer   0x00080b30        0x0
 .vfp11_veneer  0x00080b30        0x0 linker stubs

.v4_bx          0x00080b30        0x0
 .v4_bx         0x00080b30        0x0 linker stubs

.iplt           0x00080b30        0x0
 .iplt          0x00080b30        0x0 c:/program files (x86)/atmel/studio/7.0/toolchain/arm/arm-gnu-toolchain/bin/../lib/gcc/arm-none-eabi/6.3.1/thumb/v7-m/crtbegin.o

.eh_frame       0x00080b30        0x0
 .eh_frame      0x00080b30        0x0 c:/program files (x86)/atmel/studio/7.0/toolchain/arm/arm-gnu-toolchain/bin/../lib/gcc/arm-none-eabi/6.3.1/thumb/v7-m/crtbegin.o

.rel.dyn        0x00080b30        0x0
 .rel.iplt      0x00080b30        0x0 c:/program files (x86)/atmel/studio/7.0/toolchain/arm/arm-gnu-toolchain/bin/../lib/gcc/arm-none-eabi/6.3.1/thumb/v7-m/crtbegin.o

.jcr            0x00080b30        0x0
 .jcr           0x00080b30        0x0 c:/program files (x86)/atmel/studio/7.0/toolchain/arm/arm-gnu-toolchain/bin/../lib/gcc/arm-none-eabi/6.3.1/thumb/v7-m/crtbegin.o

.igot.plt       0x00080b30        0x0
 .igot.plt      0x00080b30        0x0 c:/program files (x86)/atmel/studio/7.0/toolchain/arm/arm-gnu-toolchain/bin/../lib/gcc/arm-none-eabi/6.3.1/thumb/v7-m/crtbegin.o

.ARM.exidx
 *(.ARM.exidx* .gnu.linkonce.armexidx.*)
                [!provide]                PROVIDE (__exidx_end, .)
                0x00080b30                . = ALIGN (0x4)
                0x00080b30                _etext = .

.relocate       0x20000000      0x434 load address 0x00080b30
                0x20000000                . = ALIGN (0x4)
                0x20000000                _srelocate = .
 *(.ramfunc .ramfunc.*)
 *(.data .data.*)
 .data          0x20000000        0x4 Device_Startup/system_sam3xa.o
                0x20000000                SystemCoreClock
 *fill*         0x20000004        0x4 
 .data.impure_data
                0x20000008      0x428 c:/program files (x86)/atmel/studio/7.0/toolchain/arm/arm-gnu-toolchain/bin/../lib/gcc/arm-none-eabi/6.3.1/../../../../arm-none-eabi/lib/thumb/v7-m\libc.a(lib_a-impure.o)
 .data.__atexit_recursive_mutex
                0x20000430        0x4 c:/program files (x86)/atmel/studio/7.0/toolchain/arm/arm-gnu-toolchain/bin/../lib/gcc/arm-none-eabi/6.3.1/../../../../arm-none-eabi/lib/thumb/v7-m\libc.a(lib_a-__call_atexit.o)
                0x20000430                __atexit_recursive_mutex
                0x20000434                . = ALIGN (0x4)
                0x20000434                _erelocate = .

.bss            0x20000434       0x90 load address 0x00080f64
                0x20000434                . = ALIGN (0x4)
                0x20000434                _sbss = .
                0x20000434                _szero = .
 *(.bss .bss.*)
 .bss           0x20000434       0x1c c:/program files (x86)/atmel/studio/7.0/toolchain/arm/arm-gnu-toolchain/bin/../lib/gcc/arm-none-eabi/6.3.1/thumb/v7-m/crtbegin.o
 *(COMMON)
 COMMON         0x20000450        0xc CAN/can_interrupt.o
                0x20000450                msgs
 COMMON         0x2000045c       0x42 UART/uart.o
                0x2000045c                rx_buffer
 *fill*         0x2000049e        0x2 
 COMMON         0x200004a0       0x21 c:/program files (x86)/atmel/studio/7.0/toolchain/arm/arm-gnu-toolchain/bin/../lib/gcc/arm-none-eabi/6.3.1/../../../../arm-none-eabi/lib/thumb/v7-m\libc.a(lib_a-lock.o)
                0x200004a0                __lock___atexit_recursive_mutex
                0x200004a4                __lock___arc4random_mutex
                0x200004a8                __lock___env_recursive_mutex
                0x200004ac                __lock___sinit_recursive_mutex
                0x200004b0                __lock___malloc_recursive_mutex
                0x200004b4                __lock___at_quick_exit_mutex
                0x200004b8                __lock___dd_hash_mutex
                0x200004bc                __lock___tz_mutex
                0x200004c0                __lock___sfp_recursive_mutex
                0x200004c4                . = ALIGN (0x4)
 *fill*         0x200004c1        0x3 
                0x200004c4                _ebss = .
                0x200004c4                _ezero = .

.stack          0x200004c4      0x404 load address 0x00080ff4
                0x200004c8                . = ALIGN (0x8)
 *fill*         0x200004c4        0x4 
                0x200004c8                _sstack = .
                0x200008c8                . = (. + STACK_SIZE)
 *fill*         0x200004c8      0x400 
                0x200008c8                . = ALIGN (0x8)
                0x200008c8                _estack = .

.heap           0x200008c8      0x200 load address 0x000813f8
                0x200008c8                . = ALIGN (0x8)
                0x200008c8                _sheap = .
                0x20000ac8                . = (. + HEAP_SIZE)
 *fill*         0x200008c8      0x200 
                0x20000ac8                . = ALIGN (0x8)
                0x20000ac8                _eheap = .
                0x20000ac8                . = ALIGN (0x4)
                0x20000ac8                _end = .
                0x20017fff                _ram_end_ = ((ORIGIN (ram) + LENGTH (ram)) - 0x1)
OUTPUT(NODE_2.elf elf32-littlearm)

.ARM.attributes
                0x00000000       0x29
 .ARM.attributes
                0x00000000       0x1d c:/program files (x86)/atmel/studio/7.0/toolchain/arm/arm-gnu-toolchain/bin/../lib/gcc/arm-none-eabi/6.3.1/thumb/v7-m/crti.o
 .ARM.attributes
                0x0000001d       0x2d c:/program files (x86)/atmel/studio/7.0/toolchain/arm/arm-gnu-toolchain/bin/../lib/gcc/arm-none-eabi/6.3.1/thumb/v7-m/crtbegin.o
 .ARM.attributes
                0x0000004a       0x33 CAN/can_controller.o
 .ARM.attributes
                0x0000007d       0x33 CAN/can_interrupt.o
 .ARM.attributes
                0x000000b0       0x33 Device_Startup/startup_sam3xa.o
 .ARM.attributes
                0x000000e3       0x33 Device_Startup/system_sam3xa.o
 .ARM.attributes
                0x00000116       0x33 main.o
 .ARM.attributes
                0x00000149       0x33 PWM/PWMdrvperiph.o
 .ARM.attributes
                0x0000017c       0x33 SOLENOID/SOLENOIDdrv.o
 .ARM.attributes
                0x000001af       0x33 UART/printf-stdarg.o
 .ARM.attributes
                0x000001e2       0x33 UART/uart.o
 .ARM.attributes
                0x00000215       0x2d c:/program files (x86)/atmel/studio/7.0/toolchain/arm/arm-gnu-toolchain/bin/../lib/gcc/arm-none-eabi/6.3.1/../../../../arm-none-eabi/lib/thumb/v7-m\libc.a(lib_a-impure.o)
 .ARM.attributes
                0x00000242       0x2d c:/program files (x86)/atmel/studio/7.0/toolchain/arm/arm-gnu-toolchain/bin/../lib/gcc/arm-none-eabi/6.3.1/../../../../arm-none-eabi/lib/thumb/v7-m\libc.a(lib_a-init.o)
 .ARM.attributes
                0x0000026f       0x2d c:/program files (x86)/atmel/studio/7.0/toolchain/arm/arm-gnu-toolchain/bin/../lib/gcc/arm-none-eabi/6.3.1/../../../../arm-none-eabi/lib/thumb/v7-m\libc.a(lib_a-__call_atexit.o)
 .ARM.attributes
                0x0000029c       0x2d c:/program files (x86)/atmel/studio/7.0/toolchain/arm/arm-gnu-toolchain/bin/../lib/gcc/arm-none-eabi/6.3.1/../../../../arm-none-eabi/lib/thumb/v7-m\libc.a(lib_a-atexit.o)
 .ARM.attributes
                0x000002c9       0x2d c:/program files (x86)/atmel/studio/7.0/toolchain/arm/arm-gnu-toolchain/bin/../lib/gcc/arm-none-eabi/6.3.1/../../../../arm-none-eabi/lib/thumb/v7-m\libc.a(lib_a-fini.o)
 .ARM.attributes
                0x000002f6       0x2d c:/program files (x86)/atmel/studio/7.0/toolchain/arm/arm-gnu-toolchain/bin/../lib/gcc/arm-none-eabi/6.3.1/../../../../arm-none-eabi/lib/thumb/v7-m\libc.a(lib_a-lock.o)
 .ARM.attributes
                0x00000323       0x2d c:/program files (x86)/atmel/studio/7.0/toolchain/arm/arm-gnu-toolchain/bin/../lib/gcc/arm-none-eabi/6.3.1/../../../../arm-none-eabi/lib/thumb/v7-m\libc.a(lib_a-__atexit.o)
 .ARM.attributes
                0x00000350       0x1d c:/program files (x86)/atmel/studio/7.0/toolchain/arm/arm-gnu-toolchain/bin/../lib/gcc/arm-none-eabi/6.3.1/thumb/v7-m/crtn.o

.comment        0x00000000       0x59
 .comment       0x00000000       0x59 CAN/can_controller.o
                                 0x5a (size before relaxing)
 .comment       0x00000059       0x5a CAN/can_interrupt.o
 .comment       0x00000059       0x5a Device_Startup/startup_sam3xa.o
 .comment       0x00000059       0x5a Device_Startup/system_sam3xa.o
 .comment       0x00000059       0x5a main.o
 .comment       0x00000059       0x5a PWM/PWMdrvperiph.o
 .comment       0x00000059       0x5a SOLENOID/SOLENOIDdrv.o
 .comment       0x00000059       0x5a UART/printf-stdarg.o
 .comment       0x00000059       0x5a UART/uart.o

.debug_info     0x00000000     0x62e2
 .debug_info    0x00000000      0xd68 CAN/can_controller.o
 .debug_info    0x00000d68      0xfbd CAN/can_interrupt.o
 .debug_info    0x00001d25      0x74e Device_Startup/startup_sam3xa.o
 .debug_info    0x00002473      0x444 Device_Startup/system_sam3xa.o
 .debug_info    0x000028b7      0xee8 main.o
 .debug_info    0x0000379f      0xb8f PWM/PWMdrvperiph.o
 .debug_info    0x0000432e      0x491 SOLENOID/SOLENOIDdrv.o
 .debug_info    0x000047bf      0x60b UART/printf-stdarg.o
 .debug_info    0x00004dca     0x1518 UART/uart.o

.debug_abbrev   0x00000000      0xf81
 .debug_abbrev  0x00000000      0x212 CAN/can_controller.o
 .debug_abbrev  0x00000212      0x2e6 CAN/can_interrupt.o
 .debug_abbrev  0x000004f8      0x153 Device_Startup/startup_sam3xa.o
 .debug_abbrev  0x0000064b      0x102 Device_Startup/system_sam3xa.o
 .debug_abbrev  0x0000074d      0x20c main.o
 .debug_abbrev  0x00000959      0x115 PWM/PWMdrvperiph.o
 .debug_abbrev  0x00000a6e       0xbf SOLENOID/SOLENOIDdrv.o
 .debug_abbrev  0x00000b2d      0x194 UART/printf-stdarg.o
 .debug_abbrev  0x00000cc1      0x2c0 UART/uart.o

.debug_loc      0x00000000      0xde3
 .debug_loc     0x00000000      0x2b5 CAN/can_controller.o
 .debug_loc     0x000002b5       0xab CAN/can_interrupt.o
 .debug_loc     0x00000360       0x78 Device_Startup/startup_sam3xa.o
 .debug_loc     0x000003d8       0x3f main.o
 .debug_loc     0x00000417       0x2c PWM/PWMdrvperiph.o
 .debug_loc     0x00000443      0x8d2 UART/printf-stdarg.o
 .debug_loc     0x00000d15       0xce UART/uart.o

.debug_aranges  0x00000000      0x1b0
 .debug_aranges
                0x00000000       0x38 CAN/can_controller.o
 .debug_aranges
                0x00000038       0x28 CAN/can_interrupt.o
 .debug_aranges
                0x00000060       0x28 Device_Startup/startup_sam3xa.o
 .debug_aranges
                0x00000088       0x30 Device_Startup/system_sam3xa.o
 .debug_aranges
                0x000000b8       0x20 main.o
 .debug_aranges
                0x000000d8       0x28 PWM/PWMdrvperiph.o
 .debug_aranges
                0x00000100       0x28 SOLENOID/SOLENOIDdrv.o
 .debug_aranges
                0x00000128       0x50 UART/printf-stdarg.o
 .debug_aranges
                0x00000178       0x38 UART/uart.o

.debug_ranges   0x00000000      0x168
 .debug_ranges  0x00000000       0x28 CAN/can_controller.o
 .debug_ranges  0x00000028       0x30 CAN/can_interrupt.o
 .debug_ranges  0x00000058       0x18 Device_Startup/startup_sam3xa.o
 .debug_ranges  0x00000070       0x20 Device_Startup/system_sam3xa.o
 .debug_ranges  0x00000090       0x28 main.o
 .debug_ranges  0x000000b8       0x18 PWM/PWMdrvperiph.o
 .debug_ranges  0x000000d0       0x18 SOLENOID/SOLENOIDdrv.o
 .debug_ranges  0x000000e8       0x58 UART/printf-stdarg.o
 .debug_ranges  0x00000140       0x28 UART/uart.o

.debug_macro    0x00000000     0x2692
 .debug_macro   0x00000000      0x388 CAN/can_controller.o
 .debug_macro   0x00000388       0x26 CAN/can_controller.o
 .debug_macro   0x000003ae       0x10 CAN/can_controller.o
 .debug_macro   0x000003be      0x4e6 CAN/can_interrupt.o
 .debug_macro   0x000008a4      0x353 CAN/can_interrupt.o
 .debug_macro   0x00000bf7       0xbd CAN/can_interrupt.o
 .debug_macro   0x00000cb4      0x371 Device_Startup/startup_sam3xa.o
 .debug_macro   0x00001025      0x383 Device_Startup/system_sam3xa.o
 .debug_macro   0x000013a8      0x4fc main.o
 .debug_macro   0x000018a4       0x52 main.o
 .debug_macro   0x000018f6       0x8d main.o
 .debug_macro   0x00001983       0x57 main.o
 .debug_macro   0x000019da      0x391 PWM/PWMdrvperiph.o
 .debug_macro   0x00001d6b      0x37f SOLENOID/SOLENOIDdrv.o
 .debug_macro   0x000020ea       0x8e UART/printf-stdarg.o
 .debug_macro   0x00002178       0x58 UART/printf-stdarg.o
 .debug_macro   0x000021d0      0x4c2 UART/uart.o

.debug_line     0x00000000     0x4296
 .debug_line    0x00000000      0x7f9 CAN/can_controller.o
 .debug_line    0x000007f9      0x8ad CAN/can_interrupt.o
 .debug_line    0x000010a6      0x728 Device_Startup/startup_sam3xa.o
 .debug_line    0x000017ce      0x785 Device_Startup/system_sam3xa.o
 .debug_line    0x00001f53      0x8af main.o
 .debug_line    0x00002802      0x722 PWM/PWMdrvperiph.o
 .debug_line    0x00002f24      0x71d SOLENOID/SOLENOIDdrv.o
 .debug_line    0x00003641      0x3ce UART/printf-stdarg.o
 .debug_line    0x00003a0f      0x887 UART/uart.o

.debug_str      0x00000000    0x55241
 .debug_str     0x00000000    0x50546 CAN/can_controller.o
                              0x5071b (size before relaxing)
 .debug_str     0x00050546     0x40d1 CAN/can_interrupt.o
                              0x5453e (size before relaxing)
 .debug_str     0x00054617      0x506 Device_Startup/startup_sam3xa.o
                              0x504cb (size before relaxing)
 .debug_str     0x00054b1d      0x195 Device_Startup/system_sam3xa.o
                              0x5025e (size before relaxing)
 .debug_str     0x00054cb2       0x97 main.o
                              0x543ef (size before relaxing)
 .debug_str     0x00054d49      0x24c PWM/PWMdrvperiph.o
                              0x5050f (size before relaxing)
 .debug_str     0x00054f95       0x29 SOLENOID/SOLENOIDdrv.o
                              0x501d2 (size before relaxing)
 .debug_str     0x00054fbe      0x17d UART/printf-stdarg.o
                               0x3654 (size before relaxing)
 .debug_str     0x0005513b      0x106 UART/uart.o
                              0x547bb (size before relaxing)

.debug_frame    0x00000000      0x508
 .debug_frame   0x00000000       0x80 CAN/can_controller.o
 .debug_frame   0x00000080       0x4c CAN/can_interrupt.o
 .debug_frame   0x000000cc       0x38 Device_Startup/startup_sam3xa.o
 .debug_frame   0x00000104       0x40 Device_Startup/system_sam3xa.o
 .debug_frame   0x00000144       0x28 main.o
 .debug_frame   0x0000016c       0x30 PWM/PWMdrvperiph.o
 .debug_frame   0x0000019c       0x30 SOLENOID/SOLENOIDdrv.o
 .debug_frame   0x000001cc      0x124 UART/printf-stdarg.o
 .debug_frame   0x000002f0       0x58 UART/uart.o
 .debug_frame   0x00000348       0x2c c:/program files (x86)/atmel/studio/7.0/toolchain/arm/arm-gnu-toolchain/bin/../lib/gcc/arm-none-eabi/6.3.1/../../../../arm-none-eabi/lib/thumb/v7-m\libc.a(lib_a-init.o)
 .debug_frame   0x00000374       0x5c c:/program files (x86)/atmel/studio/7.0/toolchain/arm/arm-gnu-toolchain/bin/../lib/gcc/arm-none-eabi/6.3.1/../../../../arm-none-eabi/lib/thumb/v7-m\libc.a(lib_a-__call_atexit.o)
 .debug_frame   0x000003d0       0x20 c:/program files (x86)/atmel/studio/7.0/toolchain/arm/arm-gnu-toolchain/bin/../lib/gcc/arm-none-eabi/6.3.1/../../../../arm-none-eabi/lib/thumb/v7-m\libc.a(lib_a-atexit.o)
 .debug_frame   0x000003f0       0x34 c:/program files (x86)/atmel/studio/7.0/toolchain/arm/arm-gnu-toolchain/bin/../lib/gcc/arm-none-eabi/6.3.1/../../../../arm-none-eabi/lib/thumb/v7-m\libc.a(lib_a-fini.o)
 .debug_frame   0x00000424       0xb0 c:/program files (x86)/atmel/studio/7.0/toolchain/arm/arm-gnu-toolchain/bin/../lib/gcc/arm-none-eabi/6.3.1/../../../../arm-none-eabi/lib/thumb/v7-m\libc.a(lib_a-lock.o)
 .debug_frame   0x000004d4       0x34 c:/program files (x86)/atmel/studio/7.0/toolchain/arm/arm-gnu-toolchain/bin/../lib/gcc/arm-none-eabi/6.3.1/../../../../arm-none-eabi/lib/thumb/v7-m\libc.a(lib_a-__atexit.o)
